// Jest Snapshot v1, https://goo.gl/fbAQLP

exports[`Loading Component Test should render correctly 1`] = `
<div
  className="loading"
>
  Loading
</div>
`;
